// Jest Snapshot v1, https://goo.gl/fbAQLP

exports[`Pruebas en <Series/> Debe mostrar <Series/> correctamente 1`] = `
<MainLayout>
  <Filter
    category="series"
  />
  <div
    className="center-content"
  >
    <div
      className="pt-4 pb-4"
    >
      <h1
        className="title"
      >
        Popular Series
      </h1>
      <ProductList
        type="series"
      />
    </div>
  </div>
</MainLayout>
`;
